BATCH 37 default 222248373 3
MSG 2
hi
MSG 5
hallo
MSG 3
sup
